Error type 11 at Line 16: applying function invocation operator on non-function names "compare2"
