Error type 12 at Line 15: array indexing with non-integer type expression
