Error type 1 at Line 5: variable is used without definition "x3".
