Error type 4 at Line 7: function is redefined "compare"
