Error type 6 at Line 6: rvalue on the left side of assignment operator
