Error type 8 at Line 21: the functionâ€™s return value type mismatches the declared type
