Error type 9 at Line 12: the function compareâ€™s arguments mismatch the declared parameters (type mismatch)
