Error type 3 at Line 6: variable is redefined in the same scope "ttt"
