Error type 13 at Line 19: accessing member of non-structure variable
Error type 13 at Line 19: accessing member of non-structure variable
